xxïŋ―ïŋ―ïŋ―xxxïŋ―xïŋ―xïŋ―ïŋ―ïŋ―Kets Jul 29 2019 12:21:46

rst:0x1 (POWERON_RESET),boot:0x13 (SPI_FAST_FLASH_BOOT)
configsip: 0, SPIWP:0xee
clk_drv:0x00,q_drv:0x00,d_drv:0x00,cs0_drv:0x00,hd_drv:0x00,wp_drv:0x00
mode:DIO, clock div:2
load:0x3fff0030,len:6276
load:0x40078000,len:15736
load:0x40080400,len:4
load:0x40080404,len:3860
entry 0x4008063c
[0;32mI (29) boot: ESP-IDF v5.4.2 2nd stage bootloader[0m
[0;32mI (29) boot: compile time May 31 2026 15:06:51[0m
[0;32mI (30) boot: Multicore bootloader[0m
[0;32mI (31) boot: chip revision: v3.0[0m
[0;32mI (34) boot.esp32: SPI Speed      : 40MHz[0m
[0;32mI (37) boot.esp32: SPI Mode       : DIO[0m
[0;32mI (41) boot.esp32: SPI Flash Size : 2MB[0m
[0;32mI (44) boot: Enabling RNG early entropy source...[0m
[0;32mI (49) boot: Partition Table:[0m
[0;32mI (51) boot: ## Label            Usage          Type ST Offset   Length[0m
[0;32mI (58) boot:  0 nvs              WiFi data        01 02 00009000 00006000[0m
[0;32mI (64) boot:  1 phy_init         RF data          01 01 0000f000 00001000[0m
[0;32mI (71) boot:  2 factory          factory app      00 00 00010000 00100000[0m
[0;32mI (77) boot: End of partition table[0m
[0;32mI (81) esp_image: segment 0: paddr=00010020 vaddr=3f400020 size=0ac24h ( 44068) map[0m
[0;32mI (103) esp_image: segment 1: paddr=0001ac4c vaddr=3ff80000 size=0001ch (    28) load[0m
[0;32mI (104) esp_image: segment 2: paddr=0001ac70 vaddr=3ffb0000 size=023e8h (  9192) load[0m
[0;32mI (111) esp_image: segment 3: paddr=0001d060 vaddr=40080000 size=02fb8h ( 12216) load[0m
[0;32mI (119) esp_image: segment 4: paddr=00020020 vaddr=400d0020 size=15c94h ( 89236) map[0m
[0;32mI (153) esp_image: segment 5: paddr=00035cbc vaddr=40082fb8 size=0ae3ch ( 44604) load[0m
[0;32mI (177) boot: Loaded app from partition at offset 0x10000[0m
[0;32mI (177) boot: Disabling RNG early entropy source...[0m
[0;32mI (187) cpu_start: Multicore app[0m
[0;32mI (196) cpu_start: Pro cpu start user code[0m
[0;32mI (196) cpu_start: cpu freq: 160000000 Hz[0m
[0;32mI (196) app_init: Application information:[0m
[0;32mI (196) app_init: Project name:     Recieved[0m
[0;32mI (200) app_init: App version:      1[0m
[0;32mI (203) app_init: Compile time:     May 31 2026 15:06:21[0m
[0;32mI (208) app_init: ELF file SHA256:  8312ee1e3...[0m
[0;32mI (213) app_init: ESP-IDF:          v5.4.2[0m
[0;32mI (217) efuse_init: Min chip rev:     v0.0[0m
[0;32mI (220) efuse_init: Max chip rev:     v3.99 [0m
[0;32mI (224) efuse_init: Chip rev:         v3.0[0m
[0;32mI (228) heap_init: Initializing. RAM available for dynamic allocation:[0m
[0;32mI (235) heap_init: At 3FFAE6E0 len 00001920 (6 KiB): DRAM[0m
[0;32mI (240) heap_init: At 3FFB2CB0 len 0002D350 (180 KiB): DRAM[0m
[0;32mI (245) heap_init: At 3FFE0440 len 00003AE0 (14 KiB): D/IRAM[0m
[0;32mI (250) heap_init: At 3FFE4350 len 0001BCB0 (111 KiB): D/IRAM[0m
[0;32mI (256) heap_init: At 4008DDF4 len 0001220C (72 KiB): IRAM[0m
[0;32mI (262) spi_flash: detected chip: generic[0m
[0;32mI (265) spi_flash: flash io: dio[0m
[0;33mW (268) spi_flash: Detected size(4096k) larger than the size in the binary image header(2048k). Using the size in the binary image header.[0m
[0;32mI (280) main_task: Started on CPU0[0m
[0;32mI (290) main_task: Calling app_main()[0m
[0;32mI (290) uart: queue free spaces: 10[0m
Recieved 255 bytes: FC01FF00FF00FF00FC00FC00FC00FF00FC00FC00FF00FC00FC00FC00FE00FC00FC00FE00FF00FC00FE00FC00FE00FC00FF00FC00FC00FC00FE00FC00FC00FF00FC00FC00FC00FE00FF00FC00FC00FC00FC00FC00FC00FE00FC00FC00FC00FE00FC00FF00FC00FE00FF00FC00FC00FC00FC00FC00FC00FC00FE00FF00FC00FE01FC00FC00FC00FC01FC00FC00FC00FC00FC00FE00FC00FE00FC00FC00FC00FC00FC02FC00FE00FC00FC00FC00FC00FC00FC00FF00FC00FC00FF00FE00FC00FC00FF00FC00FC00FC00FC01FC00FC00FC00FC00FC00FC00F800FC00FC00FC00FC00FC00FF00FC00FE00FE00FE00FC00FF00FE00FF00FC00FC00FC00FC00FC00003FA03FFB0000000023E83F400000FF008B0000003FD03FFB5498400E0000138800030000000000295C3FFB2306010023743F4000003FF03FFB0000000000000000000000000000000000000000000000003FFC3FFBA5A5A5A5A5A5A5A5A5A5A5A5A5A5A5A5A5A5A5A5A5A5A5A5A5A5A5A5A5A5A5A5A5A5A5A5A5A5A5A5A5A5A5A5A5A5A5A5A5A5A5A5A5A5A5A5A5A5A5A5A5A5A5A5A5A5A5A5A5A5A5A5A5A5A5A5A5A5A5A5A5A5A5A5A5A5A5A5A5A5A5A5A5A5A5A5A5A5A5A560000A5A5A5A5A5A5A5A5A5A5A5A5A5A5
Recieved 255 bytes: FCFFFEFCFCFC1FCFFFCFCFEFCFCFCFEFEFEFCFCFCFFFFFFFFFCFCFCFCFEFCFCFCFEFCFCFCF8FCFCFC1FFFCFEFCFCFCFCFCFCFCFCFEFEFCFCFEFCFEFCFCFCFFFFFCFCFCFCFCFCFCFCFCFCFCFEFCFCFC1FFFCFCFCFCFCFCFCFCFFFCFCFEFCFCFCFCFCFCFEFEFEF8FE1FCFCFCFCFCFFFCFCFCFCFEFEFCFCFCFCFCFFFCFCFCFCFEFFFCFF3FA03FFB0000000023E83F400000FF008B0000003FD03FFB5498400E0000138800030000000000295C3FFB2306010023743F4000003FF03FFB0000000000000000000000000000000000000000000000003FFC3FFBA5A5A5A5A5A5A5A5A5A5A5A5A5A5A5A5A5A5A5A5A5A5A5A5A5A5A5A5A5A5A5A5A5A5A5A5A5A5A5A5A5A5A5A5A5A5A5A5A5A5A5A5A5A5A5A5A5A5A5A5A5A5A5A5A5A5A5A5A5A5A5A5A5A5A5A5A5A5A5A5A5A5A5A5A5A5A5A5A5A5A5A5A5A5A5A5A5A5A5A560000A5A5A5A5A5A5A5A5A5A5A5A5A5A5
Recieved 255 bytes: FC02FC00FC00FC00FF00FC00FC00FC00FE00FF00FC00FE00FC00FF01FE00FE00FC00FE00FC00FC00FC00FC00FC00FC00FC00FE00FC00FE00FF00FE00FC00FC00FE00FC00FC00FC00FC00FC00FC00FC00FC00FC00FC00FC00FC00FC00FE00FC00FC00FC00FC00FC00F801FC00FC00FC00FF00FC00FC00FC00FC00FF00FC00FC00FC00FE00FC00FC00FC00FC00FC00FC00FC00FC00FF00FC00F800FC00FF00FF00FC00FC00FC00FF01FC00FC00FC00FC00FC00FC00FE00FE00FE00FC00FC00FC00FE00FC00FE00FC00FC00FC00FC00FF00FC00FF00FE00FC00FC00FC00FC00FC00FC00FC00FC00FE00FC00FC00FC00FE00FE00FC00FC00FC00FC00FC00FF01003FA03FFB0000000023E83F400000FF008B0000003FD03FFB5498400E0000138800030000000000295C3FFB2306010023743F4000003FF03FFB0000000000000000000000000000000000000000000000003FFC3FFBA5A5A5A5A5A5A5A5A5A5A5A5A5A5A5A5A5A5A5A5A5A5A5A5A5A5A5A5A5A5A5A5A5A5A5A5A5A5A5A5A5A5A5A5A5A5A5A5A5A5A5A5A5A5A5A5A5A5A5A5A5A5A5A5A5A5A5A5A5A5A5A5A5A5A5A5A5A5A5A5A5A5A5A5A5A5A5A5A5A5A5A5A5A5A5A5A5A5A5A560000A5A5A5A5A5A5A5A5A5A5A5A5A5A5
Recieved 112 bytes: FCFCFEFC1FEFC1FCFCFCFCFCFCF8FCF8FDFFFCFEFCFEFAFFFCFCFC1FCFCFCFCFCFCFEFEFEFCF8FFFCFCFCFCF8FCF8FCFC1FCFCFC7F0100023D6FC00FF00FE000000000000000000000000000000000000000000000000000000000000000000000000000000000000000000000000000000000000000000
Recieved 32 bytes: FF00FF00FC00FF00FF00FF00FF00FE00FC00FF00FC00FF00FC00FF00FC00FF0000000000000000000000000000000000
Recieved 27 bytes: 01FAFFFCFFFE1FFFFFFFFFFFFFFFF00000000000000000000000000
Recieved 32 bytes: FF00FE00FE00FF00FE00FC00FF00FE00FF00FF00FF00FF00FF00FC00FE00FF0000000000000000000000000000000000
Recieved 30 bytes: D000FF00FF00FF00FC00FE00FC00FC00FF01FF00FF00FF00FF00FC00FF00000000000000000000000000000000
Recieved 36 bytes: FE00FE00FC00FE00FE00FF00FE00FC00FF00FF00FF00FF00FF00FF00FE00FE00FF00FF00000000000000000000000000000000000000
Recieved 32 bytes: FF00FC00FF00FF00FF00FF00FF01FF00FF00FE00FC00FE02FE00FE00FE00FC0000000000000000000000000000000000
Recieved 32 bytes: E000FF00FF00FF00FF00FF00FE00FF00FF00FF00FE00FE00FE00FF00FC00FF0000000000000000000000000000000000
Recieved 35 bytes: F800100700FFFFFEFEFFFCFFFFFEFFFFFFFFFEFF0000000000000000000000000000000000
Recieved 34 bytes: FF00FE00FE00FE00FF00FF00FF00FE00FF00FF00FF00FC00FF00FF00FF00FC00FE000000000000000000000000000000000000
Recieved 30 bytes: FF00FF00FF00FC00FE00FF00FE00FF00FE00FF00FC00FE00FF00FF00FF00000000000000000000000000000000
Recieved 27 bytes: FE00FC00FF00FF00FF0000FF0000FFFEFCFCFFFE00000000000000000000000000
Recieved 77 bytes: FF00FE00FF00FF00FF00FE00FF00FE00FE00FF00FF00FF00FC00FF00FC00FF00FF00FF00FF02FC000000FCFCFE00FC00FC0000FFFFFEFFFFFCFEFCFEFCFF0000000000000000000000000000000000000000000000000000000000000000000000000000
Recieved 47 bytes: FF00FE00FC00FF00FE00FF00FF0000FFFFFFFFFFFEFEFFFC0000001555008604BF0000000000000000000000000000000000000000000000
Recieved 42 bytes: 102B04FFFFFFFFFFFFFFFCFCFEFFFEFFFFFE00FC00FF00FF009000000000000000000000000000000000000000000000
Recieved 35 bytes: 0BFFFCFFFFFFFFFFFEFEFCFCFEFEFCFF2FCFE0000000000000000000000000000000000
Recieved 59 bytes: 074040105080640080124040FE00FC00FF00FF00FE02FF00FC00FF00FF00FF00FF00FE00FF00FE00FC00FE00FF00FF00FF00FE00FF0000FA0000000000000000000000000000000000000000000000000000000000
Recieved 36 bytes: 25FF00FF00FC00FF0000FF00FF00FF00FF00FE00FF00FF00FF00FF00FF00FE00FE00000000000000000000000000000000000000
Recieved 38 bytes: 00FFFCFFFCFFFFFE1FF1FE1FFFFFF2FCFD00FF00FE00FF00FF0000000000000000000000000000000000000000
Recieved 42 bytes: 20FCFFFFFEFCFFFFFFFCFCFCFF2FFFEFFFFFCFFFCFF40000000000000000000000000000000000000000000
Recieved 36 bytes: 00FFFFFFFFFCFFFCFFFEFFFEFFFFFCFFFF00FE00000000000000000000000000000000000000
Recieved 46 bytes: FF00FF02FF00FF00FC00FF00FE00FC00FF00FF00FF00FF00FE00FE00FC00FF00FF00FC00FE00FF00FF00FF00A4000000000000000000000000000000000000000000000000
Recieved 75 bytes: 0732103FFE8C24010101004FF00FF00FF00FF00FF00FE00FF00FF00FE0004107FC4200030FE050016FC4042FCFC004831FCF800F800427F810F85FAFC00000000000000000000000000000000000000000000000000000000000000000000000000
Recieved 136 bytes: FF00FC00FC01FC00FE00FC00FE00FF00FF00FF00FF00FF00FF00FC00FF00FC00FF00FC00FC0000F800FD002310100066628447801600FC00FC42FE00FF01FE00FE00FF00FE00FF00FF00FC00FF00FE00FE00FE0000FC004052FC40FC0016404040D0FC400001FE40005021FC524000FE00800F00FF000000000000000000000000000000000000000000000000000000000000000000000000000000000000000000000000000000000000000000000000003FA03FFB0000000023E83F40
Recieved 120 bytes: 1137DA00FFFCFCFFFFFEFCFFFFFFFFFEFFFCFF56FC00FF00370061FC4016F84021400FC0050810052FC001555004040D5FF200000FD5010500000FE00FF00FC00FC00FE00FC00FF01FC00FF00FE00FF00FE00FC00FF00FC00FF00000000000000000000000000000000000000000000000000000000000000000000000000000000000000000000000000000000000000000000000000
Recieved 38 bytes: FF00FE00FF00FC00FF00FF00FC00FF00FF00FC00FF00FE01FF00FC00FE00FF00FF00FF00400000000000000000000000000000000000000000
Recieved 57 bytes: 400953FE00301075B7331040004004ABF087FD1020104000FE4080B71010101010D000D00212124000EA005500D000000000000000000000000000000000000000000000000000000000
Recieved 96 bytes: 144000DB324200D500105B004000B740A8F740004060402FB71040101000A25075FF103A101000404FC1A62BF515505010007B207D50800005204BF955AF120B50004000DB4023740000042A0FE00FE00FF00000000000000000000000000000000000000000000000000000000000000000000000000000000000000000000000000
Recieved 14 bytes: FF00FF01FF00FF00FE00FF00FF0000000000000000
